5120302 500308 2100115 4610736 7520947 1881206 5881310 8421416 7991122 2611956 1741557 7631969 2471677 2231989 1932230 3642332 5782455 5042285 912581 8823901 7863949 5243440 1103542 5133847 8193276 1383598 8994849 9744655 5704965 5974095 145408 1475105 25901 3645728 7395033 4155346 5745568 3135079 7355285 8746203 8546814 9226513 1526426 4136031 6626746 2626465 3266960 4546266 6176875 7436988 5506288 6706693 5806599 4487026 8697223 7147472 3827279 8867576 427985 8337189 7917286 8888592 4959351 799958 4759852 5669785 