9450422 6790025 1380532 2560964 9490874 9940082 8611182 9352602 3302648 6302446 8882565 9202364 9092080 9093108 1353513 703624 4623532 6433037 6343041 5623766 3023782 1034631 1114372 7654375 9144095 8805146 1835442 1935871 8446513 5586215 9786459 6456269 3307825 1607433 6947761 2227468 1257883 1227890 7947194 5318657 8458473 1179397 