7480609 3040359 1530086 9770386 5201347 2461347 9231393 5622924 1482091 4323621 7154007 1574105 8924826 5165355 6076513 7037903 1127716 2757429 3607470 6267098 1788602 6448922 6938533 9238851 8268684 4399105 2989315 6919976 